// Jest Snapshot v1, https://goo.gl/fbAQLP

exports[`<PostCard /> should match snapshot 1`] = `
<div>
  <div
    class="sc-b47282fe-0 dBjHuz"
  >
    <a
      href="/post/como-criar-um-aplicativo-react-com-suporte-a-internacionalizacao-i18n"
    >
      <img
        alt="cidade na beira da praia com prédios ao final da tarde"
        class="sc-b47282fe-1 iUlkYd"
        src="https://res.cloudinary.com/dfmbf9sae/image/upload/v1683607135/caio_silva_b1_BK_Bsi_JGI_unsplash_761a915801.jpg"
      />
    </a>
    <h2
      class="sc-b5aaf39e-0 kQHlLj"
    >
      <a
        href="/post/como-criar-um-aplicativo-react-com-suporte-a-internacionalizacao-i18n"
      >
        Como criar um aplicativo React com suporte a internacionalização (i18n)
      </a>
    </h2>
    <p
      class="sc-b47282fe-2 kEHSMG"
    >
      Este artigo mostra como adicionar suporte a internacionalização em um aplicativo React usando as bibliotecas i18next e react-i18next. Inclui exemplos de tradução de texto e de como permitir que o usuário altere o idioma do aplicativo.
    </p>
  </div>
</div>
`;
