// Jest Snapshot v1, https://goo.gl/fbAQLP

exports[`<PostCard /> should match snapshot 1`] = `
<div>
  <div
    class="sc-12652a66-0 epxRKc"
  >
    <a
      href="/post/usando-o-canvas-para-criar-graficos-em-java-script"
    >
      <img
        alt="praia vista de cima, água cor vende escuro e rochas"
        class="sc-12652a66-1 iYcwyv"
        src="https://res.cloudinary.com/dfmbf9sae/image/upload/v1683581086/adam_seckel_xhaz6_Nn_VT_64_unsplash_ad1c1db2e6.jpg"
      />
    </a>
    <h2
      class="sc-b5aaf39e-0 kQHlLj"
    >
      <a
        href="/post/usando-o-canvas-para-criar-graficos-em-java-script"
      >
        Usando o Canvas para criar gráficos em JavaScript
      </a>
    </h2>
    <p
      class="sc-12652a66-2 jhiHKy"
    >
      O artigo apresenta como usar a API Canvas em HTML e JavaScript para criar gráficos personalizados com estilização e interatividade, resultando em visualizações de dados impressionantes e envolventes.
    </p>
  </div>
</div>
`;
