// Jest Snapshot v1, https://goo.gl/fbAQLP

exports[`<Header /> should match snapshot 1`] = `
<div>
  <header
    class="sc-3dbff527-0 gppyNM"
  >
    <a
      href="/"
      target="_self"
    >
      <div
        class="sc-d76a3d34-1 jbTDAv"
      >
        <img
          alt="Console.Blog"
          class="sc-d76a3d34-2 gsyyHr"
          src="https://res.cloudinary.com/dfmbf9sae/image/upload/v1683608645/carta_410436ad20.jpg"
        />
      </div>
    </a>
    <div
      class="sc-3dbff527-1 iryleV"
    >
      <h2
        class="sc-b5aaf39e-0 kQHlLj"
      >
        Console.Blog
      </h2>
      <p>
        Debuggando passo a passo do conhecimento
      </p>
    </div>
  </header>
</div>
`;
