// Jest Snapshot v1, https://goo.gl/fbAQLP

exports[`<PostTags /> should match snapshot 1`] = `
<div>
  <p
    class="sc-40ba6cc8-0 jwQYTv"
  >
    tags:
    <span>
      <a
        href="/tags/react"
      >
        React
      </a>
    </span>
  </p>
</div>
`;

exports[`<PostTags /> should match snapshot with no tags 1`] = `<div />`;
