// Jest Snapshot v1, https://goo.gl/fbAQLP

exports[`<ArticleHeader /> should render heading, excerpt, cover img and meta 1`] = `
<div>
  <header
    class="sc-acde2419-0 guJeco"
  >
    <h3
      class="sc-b5aaf39e-0 jNSrfn"
    >
      Usando o Canvas para criar gráficos em JavaScript
    </h3>
    <p
      class="sc-acde2419-1 jRTpsP"
    >
      O artigo apresenta como usar a API Canvas em HTML e JavaScript para criar gráficos personalizados com estilização e interatividade, resultando em visualizações de dados impressionantes e envolventes.
    </p>
    <img
      alt="praia vista de cima, água cor vende escuro e rochas"
      class="sc-acde2419-2 hMevjM"
      src="https://res.cloudinary.com/dfmbf9sae/image/upload/v1683581086/adam_seckel_xhaz6_Nn_VT_64_unsplash_ad1c1db2e6.jpg"
    />
    <div
      class="sc-7c55c9a4-0 bRvXpo"
    >
      <p>
        <span>
          Por 
        </span>
        <a
          href="/author/marcela-strug"
        >
          Marcela Strug
        </a>
        <span
          class="separator"
        >
           | 
        </span>
        <time
          datetime="2023-05-09T04:33:33.718Z"
        >
          9 de mai. de 2023
        </time>
        <span
          class="separator"
        >
           | 
        </span>
        <span
          class="categories"
        >
          <span>
            <a
              href="/category/java-script"
            >
              JavaScript
            </a>
          </span>
        </span>
      </p>
    </div>
  </header>
</div>
`;
